0
0
[Total Baju : 0]
[Total Handphone : 0]
Inventory Kosong
