Menara kosong
Menara 1: [1,2,3,4,5]
Menara 2: []
Menara 3: []
