Menara 1: [2,3,4,5]
Menara 2: []
Menara 3: [1]
