Menara 1: []
Menara 2: [1,2,3,4,5]
Menara 3: []
