Menara kosong
Piringan tidak dapat dipindah
Menara 1: [3,4,5]
Menara 2: [1]
Menara 3: [2]
