Menara kosong
Menara kosong
Menara kosong
Menara kosong
Menara kosong
Menara 1: [1,4,5]
Menara 2: [2,3]
Menara 3: []
