Menara kosong
Menara kosong
Menara 1: [3,4,5]
Menara 2: [1,2]
Menara 3: []
