Menara kosong
Menara kosong
Piringan tidak dapat dipindah
Menara 1: [4,5]
Menara 2: [1,2,3]
Menara 3: []
