Oppo - HP seharga 20000
Gaun - Baju berwarna Merah
