Pintu dibuka!
Pintu ditutup!
Pintu dibuka!
Pintu ditutup!
Pintu dibuka!
Pintu ditutup!
