Pergi ke luar rumah!
Masuk lagi ke rumah!
Pergi ke luar rumah!
Berlari di gasibu sejauh 10 km!
Masuk lagi ke rumah!
Pergi ke luar rumah!
Masuk lagi ke rumah!
Pergi ke luar rumah!
Masuk lagi ke rumah!
Pergi ke luar rumah!
Berlari di gasibu sejauh 10 km!
