Pergi ke luar rumah!
Masuk lagi ke rumah!
Pergi ke luar rumah!
Masuk lagi ke rumah!
Pergi ke luar rumah!
Masuk lagi ke rumah!
