Laptop dinyalakan!
Menggunakan laptop untuk ngoding gacor
Menggunakan laptop untuk ngoding gacor
