Pintu dibuka!
Pintu dibuka!
Sudah jenuh! Lakukan aktivitas lain
Sudah jenuh! Lakukan aktivitas lain
Pergi ke luar rumah!
Berlari di gasibu sejauh 10 km!
Membeli kolak!
Sudah jenuh! Lakukan aktivitas lain
Laptop dinyalakan!
Menggunakan laptop untuk ngoding gacor
Menggunakan laptop untuk ngoding gacor
Sudah jenuh! Lakukan aktivitas lain
Laptop dinyalakan!
Menggunakan laptop untuk ngoding gacor
Menggunakan laptop untuk ngoding gacor
Sudah jenuh! Lakukan aktivitas lain
Pergi ke luar rumah!
Berlari di gasibu sejauh 10 km!
Membeli kolak!
