Pintu dibuka!
Sudah jenuh! Lakukan aktivitas lain
Sudah jenuh! Lakukan aktivitas lain
Pintu dibuka!
Laptop dinyalakan!
Pergi ke luar rumah!
Berlari di gasibu sejauh 10 km!
Membeli kolak!
