Laptop dinyalakan!
Pergi ke luar rumah!
Berlari di gasibu sejauh 10 km!
Membeli kolak!
