Pergi ke luar rumah!
Pergi ke luar rumah!
Berlari di gasibu sejauh 10 km!
Pergi ke luar rumah!
Berlari di gasibu sejauh 10 km!
Pergi ke luar rumah!
Berlari di gasibu sejauh 10 km!
Membeli kolak!
Sudah jenuh! Lakukan aktivitas lain
