Pintu dibuka!
Pergi ke luar rumah!
Laptop dinyalakan!
Menggunakan laptop untuk ngoding gacor
Menggunakan laptop untuk ngoding gacor
Pergi ke luar rumah!
Berlari di gasibu sejauh 10 km!
Membeli kolak!
Sudah jenuh! Lakukan aktivitas lain
