Laptop dinyalakan!
Laptop dimatikan!
Laptop dinyalakan!
Menggunakan laptop untuk ngoding gacor
Menggunakan laptop untuk ngoding gacor
Menggunakan laptop untuk ngoding gacor
Laptop dimatikan!
Laptop dinyalakan!
Laptop dimatikan!
Laptop dinyalakan!
Laptop dimatikan!
