Laptop dinyalakan!
Menggunakan laptop untuk ngoding gacor
Laptop dimatikan!
Laptop dinyalakan!
Menggunakan laptop untuk ngoding gacor
Laptop dimatikan!
Laptop dinyalakan!
Menggunakan laptop untuk ngoding gacor
Laptop dimatikan!
